### CPU
  model name (/proc/cpuinfo): 12th Gen Intel(R) Core(TM) i9-12900KS
  Architecture: x86_64
  CPU(s): 24
  Thread(s) per core: 2
  Core(s) per socket: 16
  Socket(s): 1
  CPU max MHz: 5500.0000
  CPU min MHz: 800.0000
  L2 cache: 14 MiB (10 instances)
  L3 cache: 30 MiB (1 instance)
  os.cpu_count(): 24
  sched_getaffinity: 24 CPUs usable by this process

### Vector ISA flags (from /proc/cpuinfo)
  sse4_2         yes
  avx            yes
  avx2           yes
  fma            yes
  f16c           yes
  avx_vnni       yes
  avx_vnni_int8  no
  avx512f        no
  avx512bw       no
  avx512vl       no
  avx512_vnni    no
  avx512_bf16    no
  amx_tile       no
  amx_int8       no
  any avx512* flag present: False 

### Memory
  MemTotal: 62.7 GiB

### OS
  kernel: Linux 7.1.2-zen1
  distribution: NixOS 26.05 (Yarara)
  platform.libc_ver(): ('glibc', '2.42')
  ldd --version: ldd (GNU libc) 2.42

### Python
  CPython 3.12.13

### Packages in the runtime path (importlib.metadata)
  moondream                  2.4.1
  kestrel                    0.8.1
  kestrel-native             0.1.8
  kestrel-kernels            0.7.1
  kestrel-kernels-bundle-a   0.7.1
  kestrel-kernels-bundle-b   0.7.1
  kestrel-kernels-bundle-c   0.7.1
  kestrel-kernels-bundle-d   0.7.1
  torch                      2.14.0+cpu
  numpy                      2.5.3
  soundfile                  0.14.0
  tokenizers                 0.23.2
  safetensors                0.8.0
  huggingface-hub            1.32.0

### torch
  torch.__version__: 2.14.0+cpu
  cuda available: False
  torch.get_num_threads(): 16
  torch.get_num_interop_threads(): 16
  torch.backends.cpu.get_cpu_capability(): AVX2
  env OMP_NUM_THREADS: unset
  env MKL_NUM_THREADS: unset
  env PLAYGROUND_HOST: set

### Loader: does Photon run with the Nix loader helpers removed?
  environment LD_LIBRARY_PATH: set (removed for the child)
  environment NIX_LD: set (removed for the child)
  environment NIX_LD_LIBRARY_PATH: set (removed for the child)
  child exit code: 1
  child stderr: This is unlikely to be a NumPy issue but will be caused by a bad install
  child stderr: or environment on your machine.
  child stderr: 
  child stderr: Original error was: libstdc++.so.6: cannot open shared object file: No such file or directory
  child stderr: 
  libraries that had to be added back: ['libstdc++.so.6 (from gcc-15.2.0-lib)', 'libz.so.1 (from zlib-1.3.2)']
  final attempt, LD_LIBRARY_PATH = 2 dir(s), no nix-ld: exit code 0
  child stdout: OK transcribed, text = ''
  interpreter is from the Nix store: True
