# nemo_vs_onnx.py score, every segment set (run_matrix.sh). Scorer: AppTek score.py, corpus-level WER.
# Runtimes: nemo_cuda_graphs = NeMo 3.0.0 on RTX 3090 Ti, NeMo defaults incl. CUDA-graph decoder;
#   nemo_cuda = RTX 3090, CUDA graphs off; nemo_rocm = RX 9070 XT (gfx1201), ROCm 7.2, graphs off, MIOpen off;
#   onnx_fp32/onnx_int8 = sherpa-onnx 1.13.8 on CPU (Ryzen 7 3700X for the first12 sets, i9-12900KS for the first8 pilot);
#   onnx_*_cuda = sherpa-onnx 1.13.8+cuda12.cudnn9 on RTX 3090 Ti. All greedy decoding, batch 1.
== apptek-en-GB_SCT_clean_bench  (2307 segments)
nemo_cuda    WER  13.10 %  (S 5280, D 4015, I 4375, hits 95081)
nemo_cuda_graphs WER  13.09 %  (S 5280, D 4014, I 4374, hits 95082)
nemo_rocm    WER  13.10 %  (S 5282, D 4013, I 4375, hits 95081)
onnx_fp32_cuda WER  13.13 %  (S 5297, D 4054, I 4349, hits 95025)
onnx_int8_cuda WER  16.51 %  (S 6838, D 6713, I 3684, hits 90825)
== apptek-en-GB_SCT_clean_bench_first12  (222 segments)
nemo_cuda    WER  12.32 %  (S 557, D 373, I 340, hits 9377)
nemo_cuda_graphs WER  12.32 %  (S 557, D 373, I 340, hits 9377)
nemo_rocm    WER  12.32 %  (S 557, D 373, I 340, hits 9377)
onnx_fp32    WER  12.18 %  (S 547, D 373, I 335, hits 9387)
onnx_fp32_cuda WER  12.17 %  (S 546, D 373, I 335, hits 9388)
onnx_int8    WER  14.32 %  (S 629, D 573, I 274, hits 9105)
onnx_int8_cuda WER  14.26 %  (S 618, D 585, I 267, hits 9104)
== apptek-en-GB_SCT_g711mu_bench_first12  (222 segments)
nemo_cuda    WER  14.37 %  (S 592, D 555, I 334, hits 9160)
nemo_cuda_graphs WER  14.38 %  (S 592, D 556, I 334, hits 9159)
nemo_rocm    WER  14.38 %  (S 592, D 556, I 334, hits 9159)
onnx_fp32    WER  14.43 %  (S 588, D 559, I 340, hits 9160)
onnx_fp32_cuda WER  14.43 %  (S 589, D 558, I 340, hits 9160)
onnx_int8    WER  34.83 %  (S 688, D 2688, I 214, hits 6931)
onnx_int8_cuda WER  33.98 %  (S 688, D 2610, I 204, hits 7009)
== apptek-en-GB_SCT_opus12_bench_first12  (219 segments)
nemo_cuda    WER  14.78 %  (S 580, D 609, I 334, hits 9118)
nemo_cuda_graphs WER  14.76 %  (S 580, D 607, I 334, hits 9120)
nemo_rocm    WER  14.82 %  (S 576, D 622, I 330, hits 9109)
onnx_fp32    WER  14.87 %  (S 580, D 622, I 331, hits 9105)
onnx_fp32_cuda WER  14.87 %  (S 580, D 622, I 331, hits 9105)
onnx_int8    WER  32.79 %  (S 788, D 2368, I 224, hits 7151)
onnx_int8_cuda WER  32.73 %  (S 806, D 2352, I 215, hits 7149)
== apptek-en-GB_SCT_opus12-loss10_bench_first12  (219 segments)
nemo_cuda    WER  15.32 %  (S 654, D 645, I 280, hits 9008)
nemo_cuda_graphs WER  15.32 %  (S 654, D 645, I 280, hits 9008)
nemo_rocm    WER  15.32 %  (S 656, D 643, I 280, hits 9008)
onnx_fp32    WER  16.09 %  (S 658, D 705, I 295, hits 8944)
onnx_fp32_cuda WER  16.08 %  (S 657, D 705, I 295, hits 8945)
onnx_int8    WER  40.72 %  (S 996, D 3026, I 175, hits 6285)
onnx_int8_cuda WER  40.63 %  (S 986, D 3026, I 176, hits 6295)
== apptek-en-GB_SCT_opus12-loss20_bench_first12  (219 segments)
nemo_cuda    WER  17.76 %  (S 738, D 826, I 267, hits 8743)
nemo_cuda_graphs WER  17.76 %  (S 738, D 826, I 267, hits 8743)
nemo_rocm    WER  17.77 %  (S 738, D 827, I 267, hits 8742)
onnx_fp32    WER  18.36 %  (S 808, D 822, I 262, hits 8677)
onnx_fp32_cuda WER  18.37 %  (S 808, D 822, I 263, hits 8677)
onnx_int8    WER  50.26 %  (S 1154, D 3876, I 150, hits 5277)
onnx_int8_cuda WER  50.77 %  (S 1143, D 3931, I 159, hits 5233)
== apptek-en-GB_SCT_opus12-loss5_bench_first12  (222 segments)
nemo_cuda    WER  15.15 %  (S 609, D 650, I 303, hits 9048)
nemo_cuda_graphs WER  15.15 %  (S 609, D 649, I 303, hits 9049)
nemo_rocm    WER  15.16 %  (S 612, D 648, I 303, hits 9047)
onnx_fp32    WER  15.32 %  (S 614, D 654, I 311, hits 9039)
onnx_fp32_cuda WER  15.34 %  (S 616, D 655, I 310, hits 9036)
onnx_int8    WER  37.18 %  (S 844, D 2807, I 181, hits 6656)
onnx_int8_cuda WER  37.60 %  (S 836, D 2860, I 179, hits 6611)
== apptek-en-IN_clean_bench  (2880 segments)
nemo_cuda    WER  11.12 %  (S 4274, D 3697, I 1449, hits 76758)
nemo_cuda_graphs WER  11.12 %  (S 4271, D 3698, I 1449, hits 76760)
nemo_rocm    WER  11.12 %  (S 4272, D 3698, I 1449, hits 76759)
onnx_fp32_cuda WER  11.24 %  (S 4330, D 3723, I 1468, hits 76676)
onnx_int8_cuda WER  18.39 %  (S 7074, D 7173, I 1338, hits 70482)
== apptek-en-IN_clean_bench_first12  (236 segments)
nemo_cuda    WER  10.06 %  (S 293, D 179, I 237, hits 6577)
nemo_cuda_graphs WER  10.06 %  (S 293, D 179, I 237, hits 6577)
nemo_rocm    WER  10.06 %  (S 293, D 179, I 237, hits 6577)
onnx_fp32    WER   9.82 %  (S 294, D 168, I 230, hits 6587)
onnx_fp32_cuda WER   9.82 %  (S 294, D 168, I 230, hits 6587)
onnx_int8    WER  12.23 %  (S 376, D 323, I 163, hits 6350)
onnx_int8_cuda WER  12.12 %  (S 366, D 325, I 163, hits 6358)
== apptek-en-IN_g711mu_bench_first12  (232 segments)
nemo_cuda    WER  12.37 %  (S 328, D 282, I 262, hits 6439)
nemo_cuda_graphs WER  12.37 %  (S 328, D 282, I 262, hits 6439)
nemo_rocm    WER  12.37 %  (S 328, D 282, I 262, hits 6439)
onnx_fp32    WER  11.93 %  (S 349, D 280, I 212, hits 6420)
onnx_fp32_cuda WER  11.93 %  (S 348, D 280, I 213, hits 6421)
onnx_int8    WER  34.87 %  (S 464, D 1864, I 130, hits 4721)
onnx_int8_cuda WER  35.40 %  (S 468, D 1901, I 126, hits 4680)
== apptek-en-IN_opus12_bench_first12  (230 segments)
nemo_cuda    WER  11.45 %  (S 315, D 255, I 237, hits 6479)
nemo_cuda_graphs WER  11.45 %  (S 315, D 255, I 237, hits 6479)
nemo_rocm    WER  11.46 %  (S 315, D 256, I 237, hits 6478)
onnx_fp32    WER  11.53 %  (S 322, D 264, I 227, hits 6463)
onnx_fp32_cuda WER  11.53 %  (S 322, D 264, I 227, hits 6463)
onnx_int8    WER  32.33 %  (S 469, D 1661, I 149, hits 4919)
onnx_int8_cuda WER  32.15 %  (S 465, D 1655, I 146, hits 4929)
== apptek-en-IN_opus12-loss10_bench_first12  (231 segments)
nemo_cuda    WER  13.15 %  (S 405, D 305, I 217, hits 6339)
nemo_cuda_graphs WER  13.14 %  (S 402, D 305, I 219, hits 6342)
nemo_rocm    WER  13.15 %  (S 402, D 305, I 220, hits 6342)
onnx_fp32    WER  13.16 %  (S 405, D 323, I 200, hits 6321)
onnx_fp32_cuda WER  13.16 %  (S 405, D 323, I 200, hits 6321)
onnx_int8    WER  34.25 %  (S 528, D 1761, I 125, hits 4760)
onnx_int8_cuda WER  34.08 %  (S 549, D 1727, I 126, hits 4773)
== apptek-en-IN_opus12-loss20_bench_first12  (232 segments)
nemo_cuda    WER  14.68 %  (S 486, D 348, I 201, hits 6215)
nemo_cuda_graphs WER  14.68 %  (S 486, D 348, I 201, hits 6215)
nemo_rocm    WER  14.70 %  (S 486, D 349, I 201, hits 6214)
onnx_fp32    WER  14.92 %  (S 513, D 360, I 179, hits 6176)
onnx_fp32_cuda WER  14.94 %  (S 513, D 360, I 180, hits 6176)
onnx_int8    WER  40.19 %  (S 693, D 2005, I 135, hits 4351)
onnx_int8_cuda WER  39.84 %  (S 726, D 1940, I 142, hits 4383)
== apptek-en-IN_opus12-loss5_bench_first12  (230 segments)
nemo_cuda    WER  12.06 %  (S 351, D 295, I 204, hits 6403)
nemo_cuda_graphs WER  12.06 %  (S 351, D 295, I 204, hits 6403)
nemo_rocm    WER  12.07 %  (S 351, D 295, I 205, hits 6403)
onnx_fp32    WER  12.65 %  (S 373, D 312, I 207, hits 6364)
onnx_fp32_cuda WER  12.65 %  (S 373, D 312, I 207, hits 6364)
onnx_int8    WER  33.24 %  (S 519, D 1696, I 128, hits 4834)
onnx_int8_cuda WER  33.35 %  (S 514, D 1703, I 134, hits 4832)
== apptek-en-US_General_bench_first8  (102 segments)
nemo_cuda    WER   7.30 %  (S 59, D 129, I 49, hits 3057)
nemo_cuda_graphs WER   7.30 %  (S 59, D 129, I 49, hits 3057)
nemo_rocm    WER   7.30 %  (S 59, D 129, I 49, hits 3057)
onnx_fp32    WER   7.30 %  (S 56, D 136, I 45, hits 3053)
onnx_fp32_cuda WER   7.30 %  (S 56, D 136, I 45, hits 3053)
onnx_int8_cuda WER   8.75 %  (S 86, D 148, I 50, hits 3011)
== apptek-en-US_General_clean_bench  (2367 segments)
nemo_cuda    WER   6.86 %  (S 1945, D 3010, I 1116, hits 83518)
nemo_cuda_graphs WER   6.86 %  (S 1944, D 3012, I 1116, hits 83517)
nemo_rocm    WER   6.86 %  (S 1944, D 3012, I 1116, hits 83517)
onnx_fp32_cuda WER   7.01 %  (S 2029, D 3063, I 1113, hits 83381)
onnx_int8_cuda WER   8.43 %  (S 2333, D 4108, I 1019, hits 82032)
== apptek-en-US_General_clean_bench_first12  (175 segments)
nemo_cuda    WER   7.64 %  (S 118, D 239, I 81, hits 5379)
nemo_cuda_graphs WER   7.64 %  (S 118, D 239, I 81, hits 5379)
nemo_rocm    WER   7.64 %  (S 118, D 239, I 81, hits 5379)
onnx_fp32    WER   7.74 %  (S 120, D 247, I 77, hits 5369)
onnx_fp32_cuda WER   7.74 %  (S 120, D 247, I 77, hits 5369)
onnx_int8    WER   8.91 %  (S 157, D 284, I 70, hits 5295)
onnx_int8_cuda WER   9.03 %  (S 157, D 282, I 79, hits 5297)
== apptek-en-US_General_g711mu_bench_first12  (172 segments)
nemo_cuda    WER   9.69 %  (S 131, D 358, I 67, hits 5247)
nemo_cuda_graphs WER   9.69 %  (S 131, D 358, I 67, hits 5247)
nemo_rocm    WER   9.69 %  (S 131, D 358, I 67, hits 5247)
onnx_fp32    WER  10.06 %  (S 135, D 366, I 76, hits 5235)
onnx_fp32_cuda WER  10.06 %  (S 135, D 366, I 76, hits 5235)
onnx_int8    WER  23.06 %  (S 214, D 1042, I 67, hits 4480)
onnx_int8_cuda WER  23.26 %  (S 241, D 1026, I 67, hits 4469)
== apptek-en-US_General_opus12_bench_first12  (174 segments)
nemo_cuda    WER   9.97 %  (S 132, D 364, I 76, hits 5240)
nemo_cuda_graphs WER   9.97 %  (S 132, D 364, I 76, hits 5240)
nemo_rocm    WER   9.99 %  (S 132, D 364, I 77, hits 5240)
onnx_fp32    WER   9.66 %  (S 129, D 353, I 72, hits 5254)
onnx_fp32_cuda WER   9.66 %  (S 129, D 353, I 72, hits 5254)
onnx_int8    WER  20.62 %  (S 234, D 883, I 66, hits 4619)
onnx_int8_cuda WER  20.52 %  (S 248, D 863, I 66, hits 4625)
== apptek-en-US_General_opus12-loss10_bench_first12  (175 segments)
nemo_cuda    WER  10.46 %  (S 160, D 369, I 71, hits 5207)
nemo_cuda_graphs WER  10.46 %  (S 160, D 369, I 71, hits 5207)
nemo_rocm    WER  10.46 %  (S 160, D 369, I 71, hits 5207)
onnx_fp32    WER  10.29 %  (S 163, D 351, I 76, hits 5222)
onnx_fp32_cuda WER  10.29 %  (S 163, D 351, I 76, hits 5222)
onnx_int8    WER  21.46 %  (S 299, D 861, I 71, hits 4576)
onnx_int8_cuda WER  21.37 %  (S 307, D 845, I 74, hits 4584)
== apptek-en-US_General_opus12-loss20_bench_first12  (171 segments)
nemo_cuda    WER  11.59 %  (S 192, D 404, I 69, hits 5140)
nemo_cuda_graphs WER  11.59 %  (S 192, D 404, I 69, hits 5140)
nemo_rocm    WER  11.59 %  (S 192, D 404, I 69, hits 5140)
onnx_fp32    WER  11.85 %  (S 207, D 397, I 76, hits 5132)
onnx_fp32_cuda WER  11.85 %  (S 207, D 397, I 76, hits 5132)
onnx_int8    WER  25.21 %  (S 333, D 1063, I 50, hits 4340)
onnx_int8_cuda WER  25.49 %  (S 336, D 1073, I 53, hits 4327)
== apptek-en-US_General_opus12-loss5_bench_first12  (173 segments)
nemo_cuda    WER  10.50 %  (S 131, D 399, I 72, hits 5206)
nemo_cuda_graphs WER  10.50 %  (S 131, D 399, I 72, hits 5206)
nemo_rocm    WER  10.50 %  (S 131, D 399, I 72, hits 5206)
onnx_fp32    WER  10.76 %  (S 140, D 405, I 72, hits 5191)
onnx_fp32_cuda WER  10.76 %  (S 140, D 405, I 72, hits 5191)
onnx_int8    WER  22.32 %  (S 254, D 967, I 59, hits 4515)
onnx_int8_cuda WER  22.42 %  (S 248, D 981, I 57, hits 4507)
== hvb_clean_bench  (6528 segments)
nemo_cuda    WER  16.49 %  (S 4437, D 13523, I 3341, hits 111254)
nemo_cuda_graphs WER  16.48 %  (S 4437, D 13515, I 3342, hits 111262)
nemo_rocm    WER  16.47 %  (S 4429, D 13516, I 3341, hits 111269)
onnx_fp32_cuda WER  16.71 %  (S 4470, D 14016, I 3106, hits 110728)
onnx_int8_cuda WER  34.88 %  (S 6021, D 37907, I 1140, hits 85286)
== hvb_clean_livepad  (16780 segments)
nemo_cuda    WER  17.44 %  (S 5700, D 14858, I 1979, hits 108656)
nemo_cuda_graphs WER  17.44 %  (S 5701, D 14858, I 1979, hits 108655)
nemo_rocm    WER  17.43 %  (S 5692, D 14858, I 1977, hits 108664)
onnx_fp32_cuda WER  17.53 %  (S 5706, D 15023, I 1925, hits 108485)
onnx_int8_cuda WER  19.65 %  (S 6563, D 17158, I 1665, hits 105493)

# CPU against GPU ONNX, same precision, segment-level text identity (sets with both outputs)
fp32: 3838 of 3856 segments identical (99.53 %)
int8: 1990 of 3754 segments identical (53.01 %)
