== apptek-en-GB_SCT_clean_bench nemo_cuda 2026-09-25T18:46:20-06:00
    lang_tag_pattern: null
decoding strategy: greedy_batch, greedy: {'max_symbols': 10, 'use_cuda_graph_decoder': False}
nemo_cuda: 2307 segments, 13.71 h in 245 s
== apptek-en-GB_SCT_clean_bench_first12 nemo_cuda 2026-09-25T18:54:37-06:00
    lang_tag_pattern: null
decoding strategy: greedy_batch, greedy: {'max_symbols': 10, 'use_cuda_graph_decoder': False}
nemo_cuda: 222 segments, 1.36 h in 25 s
== apptek-en-GB_SCT_g711mu_bench_first12 nemo_cuda 2026-09-25T18:55:28-06:00
    lang_tag_pattern: null
decoding strategy: greedy_batch, greedy: {'max_symbols': 10, 'use_cuda_graph_decoder': False}
nemo_cuda: 222 segments, 1.32 h in 25 s
== apptek-en-GB_SCT_opus12_bench_first12 nemo_cuda 2026-09-25T18:56:19-06:00
    lang_tag_pattern: null
decoding strategy: greedy_batch, greedy: {'max_symbols': 10, 'use_cuda_graph_decoder': False}
nemo_cuda: 219 segments, 1.32 h in 24 s
== apptek-en-GB_SCT_opus12-loss10_bench_first12 nemo_cuda 2026-09-25T18:57:09-06:00
    lang_tag_pattern: null
decoding strategy: greedy_batch, greedy: {'max_symbols': 10, 'use_cuda_graph_decoder': False}
nemo_cuda: 219 segments, 1.31 h in 24 s
== apptek-en-GB_SCT_opus12-loss20_bench_first12 nemo_cuda 2026-09-25T18:57:58-06:00
    lang_tag_pattern: null
decoding strategy: greedy_batch, greedy: {'max_symbols': 10, 'use_cuda_graph_decoder': False}
nemo_cuda: 219 segments, 1.31 h in 24 s
== apptek-en-GB_SCT_opus12-loss5_bench_first12 nemo_cuda 2026-09-25T18:58:48-06:00
    lang_tag_pattern: null
decoding strategy: greedy_batch, greedy: {'max_symbols': 10, 'use_cuda_graph_decoder': False}
nemo_cuda: 222 segments, 1.32 h in 29 s
== apptek-en-IN_clean_bench nemo_cuda 2026-09-25T18:59:46-06:00
    lang_tag_pattern: null
decoding strategy: greedy_batch, greedy: {'max_symbols': 10, 'use_cuda_graph_decoder': False}
nemo_cuda: 2880 segments, 14.64 h in 395 s
== apptek-en-IN_clean_bench_first12 nemo_cuda 2026-09-25T19:07:05-06:00
    lang_tag_pattern: null
decoding strategy: greedy_batch, greedy: {'max_symbols': 10, 'use_cuda_graph_decoder': False}
nemo_cuda: 236 segments, 1.08 h in 33 s
== apptek-en-IN_g711mu_bench_first12 nemo_cuda 2026-09-25T19:08:22-06:00
    lang_tag_pattern: null
decoding strategy: greedy_batch, greedy: {'max_symbols': 10, 'use_cuda_graph_decoder': False}
nemo_cuda: 232 segments, 1.07 h in 33 s
== apptek-en-IN_opus12_bench_first12 nemo_cuda 2026-09-25T19:09:40-06:00
    lang_tag_pattern: null
decoding strategy: greedy_batch, greedy: {'max_symbols': 10, 'use_cuda_graph_decoder': False}
nemo_cuda: 230 segments, 1.06 h in 33 s
== apptek-en-IN_opus12-loss10_bench_first12 nemo_cuda 2026-09-25T19:10:57-06:00
    lang_tag_pattern: null
decoding strategy: greedy_batch, greedy: {'max_symbols': 10, 'use_cuda_graph_decoder': False}
nemo_cuda: 231 segments, 1.05 h in 33 s
== apptek-en-IN_opus12-loss20_bench_first12 nemo_cuda 2026-09-25T19:12:12-06:00
    lang_tag_pattern: null
decoding strategy: greedy_batch, greedy: {'max_symbols': 10, 'use_cuda_graph_decoder': False}
nemo_cuda: 232 segments, 1.04 h in 32 s
== apptek-en-IN_opus12-loss5_bench_first12 nemo_cuda 2026-09-25T19:13:25-06:00
    lang_tag_pattern: null
decoding strategy: greedy_batch, greedy: {'max_symbols': 10, 'use_cuda_graph_decoder': False}
nemo_cuda: 230 segments, 1.05 h in 33 s
== apptek-en-US_General_bench_first8 nemo_cuda 2026-09-25T19:14:39-06:00
    lang_tag_pattern: null
decoding strategy: greedy_batch, greedy: {'max_symbols': 10, 'use_cuda_graph_decoder': False}
nemo_cuda: 102 segments, 0.45 h in 16 s
== apptek-en-US_General_clean_bench nemo_cuda 2026-09-25T19:15:36-06:00
    lang_tag_pattern: null
decoding strategy: greedy_batch, greedy: {'max_symbols': 10, 'use_cuda_graph_decoder': False}
nemo_cuda: 2367 segments, 11.95 h in 342 s
== apptek-en-US_General_clean_bench_first12 nemo_cuda 2026-09-25T19:21:57-06:00
    lang_tag_pattern: null
decoding strategy: greedy_batch, greedy: {'max_symbols': 10, 'use_cuda_graph_decoder': False}
nemo_cuda: 175 segments, 0.77 h in 25 s
== apptek-en-US_General_g711mu_bench_first12 nemo_cuda 2026-09-25T19:23:08-06:00
    lang_tag_pattern: null
decoding strategy: greedy_batch, greedy: {'max_symbols': 10, 'use_cuda_graph_decoder': False}
nemo_cuda: 172 segments, 0.75 h in 25 s
== apptek-en-US_General_opus12_bench_first12 nemo_cuda 2026-09-25T19:24:16-06:00
    lang_tag_pattern: null
decoding strategy: greedy_batch, greedy: {'max_symbols': 10, 'use_cuda_graph_decoder': False}
nemo_cuda: 174 segments, 0.73 h in 25 s
== apptek-en-US_General_opus12-loss10_bench_first12 nemo_cuda 2026-09-25T19:25:23-06:00
    lang_tag_pattern: null
decoding strategy: greedy_batch, greedy: {'max_symbols': 10, 'use_cuda_graph_decoder': False}
nemo_cuda: 175 segments, 0.73 h in 24 s
== apptek-en-US_General_opus12-loss20_bench_first12 nemo_cuda 2026-09-25T19:26:28-06:00
    lang_tag_pattern: null
decoding strategy: greedy_batch, greedy: {'max_symbols': 10, 'use_cuda_graph_decoder': False}
nemo_cuda: 171 segments, 0.73 h in 24 s
== apptek-en-US_General_opus12-loss5_bench_first12 nemo_cuda 2026-09-25T19:27:33-06:00
    lang_tag_pattern: null
decoding strategy: greedy_batch, greedy: {'max_symbols': 10, 'use_cuda_graph_decoder': False}
nemo_cuda: 173 segments, 0.73 h in 24 s
== hvb_clean_bench nemo_cuda 2026-09-25T19:28:38-06:00
    lang_tag_pattern: null
decoding strategy: greedy_batch, greedy: {'max_symbols': 10, 'use_cuda_graph_decoder': False}
nemo_cuda: 6528 segments, 27.48 h in 737 s
== hvb_clean_livepad nemo_cuda 2026-09-25T19:41:36-06:00
    lang_tag_pattern: null
decoding strategy: greedy_batch, greedy: {'max_symbols': 10, 'use_cuda_graph_decoder': False}
nemo_cuda: 16780 segments, 11.82 h in 1317 s
ALL DONE nemo_cuda 2026-09-25T20:04:23-06:00
