# Latency sweep: ONNX fp32 on RTX 3090 Ti, AppTek first 12 channels per accent, clean. Segmentations are
# wer_telephone.py's: live-sX = X s of silence ends an utterance (padding 0.25 s); live-pX = 0.5 s silence, X s padding;
# livepad = 0.5 s silence, 0.25 s padding. All: min speech 0.25 s, max 20 s, Silero VAD v5.
== apptek-en-US_General_clean_live-s0.2_first12 (610 segments)
onnx_fp32_cuda WER   9.05 %  (S 148, D 280, I 91, hits 5308)
== apptek-en-US_General_clean_live-s0.3_first12 (523 segments)
onnx_fp32_cuda WER   8.44 %  (S 140, D 271, I 73, hits 5325)
== apptek-en-US_General_clean_livepad_first12 (411 segments)
onnx_fp32_cuda WER   8.04 %  (S 133, D 261, I 67, hits 5342)
== apptek-en-US_General_clean_live-s0.8_first12 (337 segments)
onnx_fp32_cuda WER   8.02 %  (S 136, D 254, I 70, hits 5346)
== apptek-en-US_General_clean_live-s1.0_first12 (314 segments)
onnx_fp32_cuda WER   7.93 %  (S 129, D 251, I 75, hits 5356)
== apptek-en-US_General_clean_live-p0.1_first12 (411 segments)
onnx_fp32_cuda WER   9.33 %  (S 133, D 341, I 61, hits 5262)
== apptek-en-US_General_clean_live-p0.5_first12 (411 segments)
onnx_fp32_cuda WER   7.43 %  (S 142, D 199, I 85, hits 5395)
== apptek-en-IN_clean_live-s0.2_first12 (953 segments)
onnx_fp32_cuda WER  12.33 %  (S 415, D 159, I 295, hits 6475)
== apptek-en-IN_clean_live-s0.3_first12 (803 segments)
onnx_fp32_cuda WER  11.31 %  (S 377, D 157, I 263, hits 6515)
== apptek-en-IN_clean_livepad_first12 (558 segments)
onnx_fp32_cuda WER  10.06 %  (S 336, D 141, I 232, hits 6572)
== apptek-en-IN_clean_live-s0.8_first12 (410 segments)
onnx_fp32_cuda WER   9.41 %  (S 295, D 138, I 230, hits 6616)
== apptek-en-IN_clean_live-s1.0_first12 (371 segments)
onnx_fp32_cuda WER   9.36 %  (S 280, D 151, I 229, hits 6618)
== apptek-en-IN_clean_live-p0.1_first12 (558 segments)
onnx_fp32_cuda WER  10.11 %  (S 319, D 172, I 222, hits 6558)
== apptek-en-IN_clean_live-p0.5_first12 (558 segments)
onnx_fp32_cuda WER  10.14 %  (S 335, D 135, I 245, hits 6579)
== apptek-en-GB_SCT_clean_live-s0.2_first12 (911 segments)
onnx_fp32_cuda WER  14.63 %  (S 682, D 452, I 374, hits 9173)
== apptek-en-GB_SCT_clean_live-s0.3_first12 (820 segments)
onnx_fp32_cuda WER  13.98 %  (S 652, D 426, I 363, hits 9229)
== apptek-en-GB_SCT_clean_livepad_first12 (683 segments)
onnx_fp32_cuda WER  13.58 %  (S 648, D 395, I 357, hits 9264)
== apptek-en-GB_SCT_clean_live-s0.8_first12 (581 segments)
onnx_fp32_cuda WER  13.40 %  (S 636, D 379, I 366, hits 9292)
== apptek-en-GB_SCT_clean_live-s1.0_first12 (535 segments)
onnx_fp32_cuda WER  13.38 %  (S 631, D 382, I 366, hits 9294)
== apptek-en-GB_SCT_clean_live-p0.1_first12 (683 segments)
onnx_fp32_cuda WER  14.12 %  (S 628, D 486, I 341, hits 9193)
== apptek-en-GB_SCT_clean_live-p0.5_first12 (683 segments)
onnx_fp32_cuda WER  13.35 %  (S 629, D 368, I 379, hits 9310)
