== apptek-en-GB_SCT_clean_bench onnx_fp32_cuda 2026-09-26T01:36:32+00:00
onnx_fp32_cuda: 2307 segments, 13.71 h in 439 s with 3 workers
== apptek-en-GB_SCT_clean_bench_first12 onnx_fp32_cuda 2026-09-26T01:43:52+00:00
onnx_fp32_cuda: 222 segments, 1.36 h in 48 s with 3 workers
== apptek-en-GB_SCT_g711mu_bench_first12 onnx_fp32_cuda 2026-09-26T01:44:40+00:00
onnx_fp32_cuda: 222 segments, 1.32 h in 47 s with 3 workers
== apptek-en-GB_SCT_opus12-loss10_bench_first12 onnx_fp32_cuda 2026-09-26T01:45:28+00:00
onnx_fp32_cuda: 219 segments, 1.31 h in 45 s with 3 workers
== apptek-en-GB_SCT_opus12-loss20_bench_first12 onnx_fp32_cuda 2026-09-26T01:46:13+00:00
onnx_fp32_cuda: 219 segments, 1.31 h in 45 s with 3 workers
== apptek-en-GB_SCT_opus12-loss5_bench_first12 onnx_fp32_cuda 2026-09-26T01:46:59+00:00
onnx_fp32_cuda: 222 segments, 1.32 h in 46 s with 3 workers
== apptek-en-GB_SCT_opus12_bench_first12 onnx_fp32_cuda 2026-09-26T01:47:45+00:00
onnx_fp32_cuda: 219 segments, 1.32 h in 47 s with 3 workers
== apptek-en-IN_clean_bench onnx_fp32_cuda 2026-09-26T01:48:33+00:00
onnx_fp32_cuda: 2880 segments, 14.64 h in 513 s with 3 workers
== apptek-en-IN_clean_bench_first12 onnx_fp32_cuda 2026-09-26T01:57:06+00:00
onnx_fp32_cuda: 236 segments, 1.08 h in 47 s with 3 workers
== apptek-en-IN_g711mu_bench_first12 onnx_fp32_cuda 2026-09-26T01:57:53+00:00
onnx_fp32_cuda: 232 segments, 1.07 h in 47 s with 3 workers
== apptek-en-IN_opus12-loss10_bench_first12 onnx_fp32_cuda 2026-09-26T01:58:40+00:00
onnx_fp32_cuda: 231 segments, 1.05 h in 46 s with 3 workers
== apptek-en-IN_opus12-loss20_bench_first12 onnx_fp32_cuda 2026-09-26T01:59:26+00:00
onnx_fp32_cuda: 232 segments, 1.04 h in 45 s with 3 workers
== apptek-en-IN_opus12-loss5_bench_first12 onnx_fp32_cuda 2026-09-26T02:00:11+00:00
onnx_fp32_cuda: 230 segments, 1.05 h in 47 s with 3 workers
== apptek-en-IN_opus12_bench_first12 onnx_fp32_cuda 2026-09-26T02:00:59+00:00
onnx_fp32_cuda: 230 segments, 1.06 h in 46 s with 3 workers
== apptek-en-US_General_bench_first8 onnx_fp32_cuda: done already
== apptek-en-US_General_clean_bench onnx_fp32_cuda 2026-09-26T02:01:45+00:00
onnx_fp32_cuda: 2367 segments, 11.95 h in 404 s with 3 workers
== apptek-en-US_General_clean_bench_first12 onnx_fp32_cuda 2026-09-26T02:08:30+00:00
onnx_fp32_cuda: 175 segments, 0.77 h in 33 s with 3 workers
== apptek-en-US_General_g711mu_bench_first12 onnx_fp32_cuda 2026-09-26T02:09:03+00:00
onnx_fp32_cuda: 172 segments, 0.75 h in 33 s with 3 workers
== apptek-en-US_General_opus12-loss10_bench_first12 onnx_fp32_cuda 2026-09-26T02:09:37+00:00
onnx_fp32_cuda: 175 segments, 0.73 h in 34 s with 3 workers
== apptek-en-US_General_opus12-loss20_bench_first12 onnx_fp32_cuda 2026-09-26T02:10:11+00:00
onnx_fp32_cuda: 171 segments, 0.73 h in 33 s with 3 workers
== apptek-en-US_General_opus12-loss5_bench_first12 onnx_fp32_cuda 2026-09-26T02:10:44+00:00
onnx_fp32_cuda: 173 segments, 0.73 h in 32 s with 3 workers
== apptek-en-US_General_opus12_bench_first12 onnx_fp32_cuda 2026-09-26T02:11:17+00:00
onnx_fp32_cuda: 174 segments, 0.73 h in 34 s with 3 workers
== hvb_clean_bench onnx_fp32_cuda 2026-09-26T02:11:51+00:00
onnx_fp32_cuda: 6528 segments, 27.48 h in 1051 s with 3 workers
== hvb_clean_livepad onnx_fp32_cuda 2026-09-26T02:29:22+00:00
onnx_fp32_cuda: 16780 segments, 11.82 h in 2372 s with 3 workers
ALL DONE onnx_fp32_cuda 2026-09-26T03:08:55+00:00
== apptek-en-GB_SCT_clean_bench onnx_int8_cuda 2026-09-26T03:08:55+00:00
onnx_int8_cuda: 2307 segments, 13.71 h in 2675 s with 3 workers
== apptek-en-GB_SCT_clean_bench_first12 onnx_int8_cuda 2026-09-26T03:53:30+00:00
onnx_int8_cuda: 222 segments, 1.36 h in 268 s with 3 workers
== apptek-en-GB_SCT_g711mu_bench_first12 onnx_int8_cuda 2026-09-26T03:57:58+00:00
onnx_int8_cuda: 222 segments, 1.32 h in 258 s with 3 workers
== apptek-en-GB_SCT_opus12-loss10_bench_first12 onnx_int8_cuda 2026-09-26T04:02:16+00:00
onnx_int8_cuda: 219 segments, 1.31 h in 255 s with 3 workers
== apptek-en-GB_SCT_opus12-loss20_bench_first12 onnx_int8_cuda 2026-09-26T04:06:31+00:00
onnx_int8_cuda: 219 segments, 1.31 h in 254 s with 3 workers
== apptek-en-GB_SCT_opus12-loss5_bench_first12 onnx_int8_cuda 2026-09-26T04:10:45+00:00
onnx_int8_cuda: 222 segments, 1.32 h in 258 s with 3 workers
== apptek-en-GB_SCT_opus12_bench_first12 onnx_int8_cuda 2026-09-26T04:15:03+00:00
onnx_int8_cuda: 219 segments, 1.32 h in 257 s with 3 workers
== apptek-en-IN_clean_bench onnx_int8_cuda 2026-09-26T04:19:20+00:00
onnx_int8_cuda: 2880 segments, 14.64 h in 2849 s with 3 workers
== apptek-en-IN_clean_bench_first12 onnx_int8_cuda 2026-09-26T05:06:49+00:00
onnx_int8_cuda: 236 segments, 1.08 h in 220 s with 3 workers
== apptek-en-IN_g711mu_bench_first12 onnx_int8_cuda 2026-09-26T05:10:29+00:00
onnx_int8_cuda: 232 segments, 1.07 h in 217 s with 3 workers
== apptek-en-IN_opus12-loss10_bench_first12 onnx_int8_cuda 2026-09-26T05:14:06+00:00
onnx_int8_cuda: 231 segments, 1.05 h in 207 s with 3 workers
== apptek-en-IN_opus12-loss20_bench_first12 onnx_int8_cuda 2026-09-26T05:17:34+00:00
onnx_int8_cuda: 232 segments, 1.04 h in 208 s with 3 workers
== apptek-en-IN_opus12-loss5_bench_first12 onnx_int8_cuda 2026-09-26T05:21:02+00:00
onnx_int8_cuda: 230 segments, 1.05 h in 209 s with 3 workers
== apptek-en-IN_opus12_bench_first12 onnx_int8_cuda 2026-09-26T05:24:30+00:00
onnx_int8_cuda: 230 segments, 1.06 h in 208 s with 3 workers
== apptek-en-US_General_bench_first8 onnx_int8_cuda 2026-09-26T05:27:59+00:00
onnx_int8_cuda: 102 segments, 0.45 h in 96 s with 3 workers
== apptek-en-US_General_clean_bench onnx_int8_cuda 2026-09-26T05:29:35+00:00
onnx_int8_cuda: 2367 segments, 11.95 h in 2324 s with 3 workers
== apptek-en-US_General_clean_bench_first12 onnx_int8_cuda 2026-09-26T06:08:20+00:00
onnx_int8_cuda: 175 segments, 0.77 h in 157 s with 3 workers
== apptek-en-US_General_g711mu_bench_first12 onnx_int8_cuda 2026-09-26T06:10:57+00:00
onnx_int8_cuda: 172 segments, 0.75 h in 150 s with 3 workers
== apptek-en-US_General_opus12-loss10_bench_first12 onnx_int8_cuda 2026-09-26T06:13:27+00:00
onnx_int8_cuda: 175 segments, 0.73 h in 150 s with 3 workers
== apptek-en-US_General_opus12-loss20_bench_first12 onnx_int8_cuda 2026-09-26T06:15:58+00:00
onnx_int8_cuda: 171 segments, 0.73 h in 150 s with 3 workers
== apptek-en-US_General_opus12-loss5_bench_first12 onnx_int8_cuda 2026-09-26T06:18:28+00:00
onnx_int8_cuda: 173 segments, 0.73 h in 149 s with 3 workers
== apptek-en-US_General_opus12_bench_first12 onnx_int8_cuda 2026-09-26T06:20:57+00:00
onnx_int8_cuda: 174 segments, 0.73 h in 148 s with 3 workers
== hvb_clean_bench onnx_int8_cuda 2026-09-26T06:23:26+00:00
onnx_int8_cuda: 6528 segments, 27.48 h in 5358 s with 3 workers
== hvb_clean_livepad onnx_int8_cuda 2026-09-26T07:52:44+00:00
onnx_int8_cuda: 16780 segments, 11.82 h in 2715 s with 3 workers
ALL DONE onnx_int8_cuda 2026-09-26T08:38:00+00:00
