fixture: q2ec3.mix.wav ch0, from 0.0 s, 60.0 s, 20000 Hz resampled to 16000 Hz
sherpa-onnx 1.13.8+cuda12.cudnn9.onnxruntime1.28.2; model sherpa-onnx-nemo-parakeet-tdt-0.6b-v3; VAD silero_vad_v5.onnx; provider cuda
cpu model: AMD Ryzen 7 3700X 8-Core Processor; usable cpus [0, 1, 2, 3, 4, 5, 6, 7, 8, 9, 10, 11, 12, 13, 14, 15]
cpu: os.cpu_count()=16, affinity=16
num_threads per decode 1, decode workers 4, VAD min silence 0.5 s, max speech 20.0 s
levels {'finals': [1, 5, 10, 25, 50, 100], 'partials': [1, 5, 10, 25, 50, 100]}, stagger 2.0 s, partial every 2.0 s
recognizer load: 1.77 s, RSS 624 MB
cpus usable (affinity): 16
batch, whole channel, 1 thread: RTF median 187.0x (n=3), text: Okay. Um right, you have the start. Right, below the start, do you have uh like a missionary camp? Okay, well, if you take it from the start, just run horizontally uh to the left for about an inch. Right. And then go down along the side of the missionary camp till you're about an inch above the bottom of the map. Then you need to go straight along for about till about you're about an inch and a half away from the edge of the map. Okay. I have gorillas, that's probably the end of an edge. Yeah. So you're at where are you now? You're at the bottom. Okay. Now you you need to go parallel to the side of the map. Um about four inches. So you just uh you're now about two inches above the gorillas or the banana tree. Um do you have a rope bridge? Yes I do. Right. You need to cross the rope bridge bridge. I haven't got a I haven't got a river marked, but I assume well if no. If you go if you're up going up uh vertically
idle cores, recognizer loaded, 5 s: 0.000

warmup (finals): 1 stream, discarded
reference text (finals): Okay. Um right, you have to start. Right, below the start do you have uh like a missionary camp? Okay, well, if you take it from the start, just run horizontally Uh to the left for about an inch. And then go down along the side of the missionary camp. you're about an inch above the bottom of the map. Then you need to go straight along for about till about you're about an inch and a half away from the edge of the map. Okay. They have gorillas, that's probably the Yeah. So you're at where are you now? You're at the bottom. Okay, now you you need to go parallel to the side of the map. Um about four inches. So you're just ab you're now about two inches above the gorillas or the banana tree. Um, do you have a rope bridge? Right. You need to cross the rope brid bridge. I haven't got a I haven't got a river marked, but I assume well if no. If you go if you're up going up a vertical

=== finals, N=1 concurrent streams
  wall for level            : 60.26 s  (audio 60.0 s + stagger 0.00 s)
  cores used, whole level   : 0.06  (0.058 per stream)
  RSS after level           : 1238 MB (process peak so far 1238 MB)
  cores used, 1 s samples   : median 0.02, max 0.23, n=61
  event-loop lag (100 ms hb): median 1.2 ms, p99 2.5 ms, max 3.6 ms, n=596
  final latency, speech end : median 0.67 s, p95 0.72, max 0.73, n=14
  final latency, VAD handoff: median 0.19 s, p95 0.22, max 0.22
  final decode time         : median 0.19 s, max 0.22
  final queue wait          : median 0.000 s, max 0.00
  final text == N=1 text    : 1/1

=== finals, N=5 concurrent streams
  wall for level            : 61.70 s  (audio 60.0 s + stagger 1.60 s)
  cores used, whole level   : 0.12  (0.023 per stream)
  RSS after level           : 1264 MB (process peak so far 1264 MB)
  cores used, 1 s samples   : median 0.08, max 0.36, n=62
  event-loop lag (100 ms hb): median 1.0 ms, p99 2.6 ms, max 39.1 ms, n=611
  final latency, speech end : median 0.52 s, p95 0.69, max 0.73, n=70
  final latency, VAD handoff: median 0.03 s, p95 0.21, max 0.22
  final decode time         : median 0.02 s, max 0.22
  final queue wait          : median 0.000 s, max 0.00
  final text == N=1 text    : 5/5

=== finals, N=10 concurrent streams
  wall for level            : 61.90 s  (audio 60.0 s + stagger 1.80 s)
  cores used, whole level   : 0.19  (0.019 per stream)
  RSS after level           : 1327 MB (process peak so far 1327 MB)
  cores used, 1 s samples   : median 0.14, max 0.52, n=62
  event-loop lag (100 ms hb): median 0.7 ms, p99 2.2 ms, max 40.0 ms, n=614
  final latency, speech end : median 0.52 s, p95 0.67, max 0.73, n=140
  final latency, VAD handoff: median 0.03 s, p95 0.19, max 0.23
  final decode time         : median 0.02 s, max 0.22
  final queue wait          : median 0.000 s, max 0.00
  final text == N=1 text    : 10/10

=== finals, N=25 concurrent streams
  wall for level            : 62.02 s  (audio 60.0 s + stagger 1.92 s)
  cores used, whole level   : 0.40  (0.016 per stream)
  RSS after level           : 1643 MB (process peak so far 1643 MB)
  cores used, 1 s samples   : median 0.33, max 1.03, n=62
  event-loop lag (100 ms hb): median 0.7 ms, p99 37.8 ms, max 43.2 ms, n=607
  final latency, speech end : median 0.52 s, p95 0.63, max 0.75, n=350
  final latency, VAD handoff: median 0.03 s, p95 0.15, max 0.25
  final decode time         : median 0.02 s, max 0.24
  final queue wait          : median 0.000 s, max 0.00
  final text == N=1 text    : 25/25

=== finals, N=50 concurrent streams
  wall for level            : 62.49 s  (audio 60.0 s + stagger 1.96 s)
  cores used, whole level   : 0.82  (0.016 per stream)
  RSS after level           : 1974 MB (process peak so far 1974 MB)
  cores used, 1 s samples   : median 0.76, max 2.12, n=62
  event-loop lag (100 ms hb): median 0.8 ms, p99 29.5 ms, max 445.8 ms, n=603
  final latency, speech end : median 0.52 s, p95 0.86, max 1.14, n=700
  final latency, VAD handoff: median 0.03 s, p95 0.31, max 0.66
  final decode time         : median 0.02 s, max 0.53
  final queue wait          : median 0.000 s, max 0.50
  final text == N=1 text    : 50/50

=== finals, N=100 concurrent streams
  wall for level            : 77.76 s  (audio 60.0 s + stagger 1.98 s)
  cores used, whole level   : 2.50  (0.025 per stream)
  RSS after level           : 2658 MB (process peak so far 2784 MB)
  cores used, 1 s samples   : median 2.64, max 3.59, n=74
  event-loop lag (100 ms hb): median 1.6 ms, p99 304.6 ms, max 2221.1 ms, n=657
  final latency, speech end : median 10.23 s, p95 23.07, max 24.99, n=1400
  final latency, VAD handoff: median 9.72 s, p95 22.60, max 24.51
  final decode time         : median 0.10 s, max 0.57
  final queue wait          : median 9.520 s, max 24.37
  final text == N=1 text    : 100/100

warmup (partials): 1 stream, discarded
reference text (partials): Okay. Um right, you have to start. Right, below the start do you have uh like a missionary camp? Okay, well, if you take it from the start, just run horizontally Uh to the left for about an inch. And then go down along the side of the missionary camp. you're about an inch above the bottom of the map. Then you need to go straight along for about till about you're about an inch and a half away from the edge of the map. Okay. They have gorillas, that's probably the Yeah. So you're at where are you now? You're at the bottom. Okay, now you you need to go parallel to the side of the map. Um about four inches. So you're just ab you're now about two inches above the gorillas or the banana tree. Um, do you have a rope bridge? Right. You need to cross the rope brid bridge. I haven't got a I haven't got a river marked, but I assume well if no. If you go if you're up going up a vertical

=== partials, N=1 concurrent streams
  wall for level            : 60.21 s  (audio 60.0 s + stagger 0.00 s)
  cores used, whole level   : 0.13  (0.132 per stream)
  RSS after level           : 2661 MB (process peak so far 2784 MB)
  cores used, 1 s samples   : median 0.12, max 0.37, n=61
  event-loop lag (100 ms hb): median 1.1 ms, p99 2.4 ms, max 4.8 ms, n=596
  final latency, speech end : median 0.67 s, p95 0.72, max 0.74, n=14
  final latency, VAD handoff: median 0.19 s, p95 0.22, max 0.22
  final decode time         : median 0.19 s, max 0.21
  final queue wait          : median 0.000 s, max 0.00
  partial age (tick to text): median 0.18 s, p95 0.24, max 0.24
  partials                  : 24 decoded, 0 ticks skipped (previous still running)
  partial interval (incl. gaps between utterances): median 2.01 s, p95 4.02, max 5.97, n=23
  final text == N=1 text    : 1/1

=== partials, N=5 concurrent streams
  wall for level            : 61.70 s  (audio 60.0 s + stagger 1.60 s)
  cores used, whole level   : 0.38  (0.076 per stream)
  RSS after level           : 2663 MB (process peak so far 2784 MB)
  cores used, 1 s samples   : median 0.22, max 1.16, n=62
  event-loop lag (100 ms hb): median 0.8 ms, p99 3.4 ms, max 40.7 ms, n=611
  final latency, speech end : median 0.66 s, p95 0.74, max 0.75, n=70
  final latency, VAD handoff: median 0.19 s, p95 0.24, max 0.25
  final decode time         : median 0.18 s, max 0.25
  final queue wait          : median 0.000 s, max 0.00
  partial age (tick to text): median 0.04 s, p95 0.22, max 0.26
  partials                  : 120 decoded, 0 ticks skipped (previous still running)
  partial interval (incl. gaps between utterances): median 2.01 s, p95 4.21, max 6.16, n=115
  final text == N=1 text    : 5/5

=== partials, N=10 concurrent streams
  wall for level            : 61.90 s  (audio 60.0 s + stagger 1.80 s)
  cores used, whole level   : 0.76  (0.076 per stream)
  RSS after level           : 2664 MB (process peak so far 2784 MB)
  cores used, 1 s samples   : median 0.45, max 1.98, n=62
  event-loop lag (100 ms hb): median 0.7 ms, p99 3.5 ms, max 40.0 ms, n=614
  final latency, speech end : median 0.75 s, p95 1.27, max 1.37, n=140
  final latency, VAD handoff: median 0.26 s, p95 0.77, max 0.86
  final decode time         : median 0.25 s, max 0.54
  final queue wait          : median 0.000 s, max 0.40
  partial age (tick to text): median 0.05 s, p95 0.73, max 0.84
  partials                  : 240 decoded, 0 ticks skipped (previous still running)
  partial interval (incl. gaps between utterances): median 2.01 s, p95 4.50, max 6.60, n=230
  final text == N=1 text    : 10/10

=== partials, N=25 concurrent streams
  wall for level            : 62.02 s  (audio 60.0 s + stagger 1.92 s)
  cores used, whole level   : 1.47  (0.059 per stream)
  RSS after level           : 2664 MB (process peak so far 2784 MB)
  cores used, 1 s samples   : median 1.80, max 2.25, n=62
  event-loop lag (100 ms hb): median 0.8 ms, p99 38.5 ms, max 45.7 ms, n=599
  final latency, speech end : median 1.55 s, p95 3.43, max 3.90, n=350
  final latency, VAD handoff: median 1.04 s, p95 2.94, max 3.37
  final decode time         : median 0.13 s, max 0.56
  final queue wait          : median 0.795 s, max 3.20
  partial age (tick to text): median 0.23 s, p95 2.95, max 3.38
  partials                  : 506 decoded, 94 ticks skipped (previous still running)
  partial interval (incl. gaps between utterances): median 2.25 s, p95 5.94, max 8.37, n=481
  final text == N=1 text    : 25/25

=== partials, N=50 concurrent streams
  wall for level            : 63.74 s  (audio 60.0 s + stagger 1.96 s)
  cores used, whole level   : 2.28  (0.046 per stream)
  RSS after level           : 2665 MB (process peak so far 2784 MB)
  cores used, 1 s samples   : median 2.20, max 2.92, n=64
  event-loop lag (100 ms hb): median 0.9 ms, p99 70.5 ms, max 319.6 ms, n=614
  final latency, speech end : median 7.84 s, p95 11.90, max 12.76, n=700
  final latency, VAD handoff: median 7.36 s, p95 11.43, max 12.26
  final decode time         : median 0.08 s, max 0.57
  final queue wait          : median 7.166 s, max 12.09
  partial age (tick to text): median 5.28 s, p95 11.21, max 12.25
  partials                  : 438 decoded, 762 ticks skipped (previous still running)
  partial interval (incl. gaps between utterances): median 7.30 s, p95 12.61, max 15.46, n=388
  final text == N=1 text    : 50/50

=== partials, N=100 concurrent streams
  wall for level            : 115.17 s  (audio 60.0 s + stagger 1.98 s)
  cores used, whole level   : 2.22  (0.022 per stream)
  RSS after level           : 2808 MB (process peak so far 2880 MB)
  cores used, 1 s samples   : median 2.45, max 3.33, n=112
  event-loop lag (100 ms hb): median 0.9 ms, p99 140.4 ms, max 1927.1 ms, n=1040
  final latency, speech end : median 35.40 s, p95 56.87, max 58.24, n=1400
  final latency, VAD handoff: median 34.88 s, p95 56.38, max 57.77
  final decode time         : median 0.18 s, max 0.58
  final queue wait          : median 34.648 s, max 57.63
  partial age (tick to text): median 28.65 s, p95 54.10, max 56.36
  partials                  : 314 decoded, 2086 ticks skipped (previous still running)
  partial interval (incl. gaps between utterances): median 34.61 s, p95 55.22, max 57.79, n=214
  final text == N=1 text    : 100/100
