fixture: q2ec3.mix.wav ch0, from 0.0 s, 60.0 s, 20000 Hz resampled to 16000 Hz
sherpa-onnx 1.13.8; model sherpa-onnx-nemo-parakeet-tdt-0.6b-v3-int8; VAD silero_vad.onnx
cpu model: AMD Ryzen 7 3700X 8-Core Processor; usable cpus [2, 10]
cpu: os.cpu_count()=16, affinity=2
num_threads per decode 1, decode workers 2, VAD min silence 0.5 s, max speech 20.0 s
levels {'finals': [1, 5, 10, 25], 'partials': [1, 5, 10, 25]}, stagger 2.0 s, partial every 2.0 s
recognizer load: 1.77 s, RSS 965 MB
cpus usable (affinity): 2
batch, whole channel, 1 thread: RTF median 4.5x (n=3), text: Okay. Um right, you have the start. Right, below the start, do you have uh like a missionary camp? Okay, well if you take it from the start, just run horizontally uh to the left for about an inch. And then go down along the side of the missionary camp till you're about an inch above the bottom of the map. Then you need to go straight along for about till about you're about an inch and a half away from the edge of the map. Okay. Yeah. So you're at the where are you now? You're at the bottom. Okay. Now you you need to go parallel to the side of the map. Um about four inches. So you just you're now about two inches above the gorillas or the banana tree. Um do you have a rope bridge? Right. You need to cross the rope b bridge. I haven't got a I haven't got a river marked, but I assume Well if no. If you go if you're up going up uh vertically
idle cores, recognizer loaded, 5 s: 0.000

warmup (finals): 1 stream, discarded
reference text (finals): Okay. Um right, you have to start. Right, below the start, do you have uh like a missionary camp? Okay, well, if you take it from the start, just run horizontally Uh to the left for about an inch. And then go down along the side of the missionary camp. Till you're about an inch above the bottom of the map. then you need to go straight along for about till about you're about an inch and a half away from the edge of the map. Yeah. So you're at where are you now? You're at the bottom. Okay. Now you you need to go parallel to the side of the map. Um about four inches. So you're just y you're now about two inches above the gorillas or the banana tree. Um do you have a rope bridge? Right. You need to cross the rope b bridge. I haven't got a I haven't got a river marked, but I assume Well if no. If you go if you're up going up uh vertically

=== finals, N=1 concurrent streams
  wall for level            : 61.19 s  (audio 60.0 s + stagger 0.00 s)
  cores used, whole level   : 0.15  (0.147 per stream)
  RSS after level           : 1776 MB (process peak so far 1776 MB)
  cores used, 1 s samples   : median 0.02, max 0.99, n=62
  event-loop lag (100 ms hb): median 1.1 ms, p99 2.4 ms, max 3.0 ms, n=606
  final latency, speech end : median 0.89 s, p95 1.36, max 1.61, n=14
  final latency, VAD handoff: median 0.44 s, p95 1.16, max 1.18
  final decode time         : median 0.44 s, max 1.18
  final queue wait          : median 0.000 s, max 0.00
  final text == N=1 text    : 1/1

=== finals, N=5 concurrent streams
  wall for level            : 65.42 s  (audio 60.0 s + stagger 1.60 s)
  cores used, whole level   : 1.05  (0.211 per stream)
  RSS after level           : 1778 MB (process peak so far 1778 MB)
  cores used, 1 s samples   : median 1.04, max 2.00, n=66
  event-loop lag (100 ms hb): median 0.9 ms, p99 5.7 ms, max 13.0 ms, n=648
  final latency, speech end : median 1.82 s, p95 3.47, max 4.75, n=70
  final latency, VAD handoff: median 1.46 s, p95 3.47, max 4.29
  final decode time         : median 0.77 s, max 2.16
  final queue wait          : median 0.329 s, max 2.36
  final text == N=1 text    : 5/5

=== finals, N=10 concurrent streams
  wall for level            : 81.80 s  (audio 60.0 s + stagger 1.80 s)
  cores used, whole level   : 1.80  (0.180 per stream)
  RSS after level           : 1779 MB (process peak so far 1779 MB)
  cores used, 1 s samples   : median 1.99, max 2.00, n=82
  event-loop lag (100 ms hb): median 0.9 ms, p99 5.5 ms, max 9.6 ms, n=810
  final latency, speech end : median 11.14 s, p95 17.23, max 20.00, n=140
  final latency, VAD handoff: median 10.66 s, p95 16.85, max 20.00
  final decode time         : median 0.78 s, max 2.33
  final queue wait          : median 9.483 s, max 18.10
  final text == N=1 text    : 10/10

=== finals, N=25 concurrent streams
  wall for level            : 188.49 s  (audio 60.0 s + stagger 1.92 s)
  cores used, whole level   : 1.98  (0.079 per stream)
  RSS after level           : 1779 MB (process peak so far 1810 MB)
  cores used, 1 s samples   : median 1.99, max 2.00, n=188
  event-loop lag (100 ms hb): median 0.6 ms, p99 32.3 ms, max 44.8 ms, n=1831
  final latency, speech end : median 57.91 s, p95 110.35, max 126.55, n=350
  final latency, VAD handoff: median 57.43 s, p95 110.35, max 126.55
  final decode time         : median 0.79 s, max 2.69
  final queue wait          : median 56.417 s, max 124.92
  final text == N=1 text    : 25/25

warmup (partials): 1 stream, discarded
reference text (partials): Okay. Um right, you have to start. Right, below the start, do you have uh like a missionary camp? Okay, well, if you take it from the start, just run horizontally Uh to the left for about an inch. And then go down along the side of the missionary camp. Till you're about an inch above the bottom of the map. then you need to go straight along for about till about you're about an inch and a half away from the edge of the map. Yeah. So you're at where are you now? You're at the bottom. Okay. Now you you need to go parallel to the side of the map. Um about four inches. So you're just y you're now about two inches above the gorillas or the banana tree. Um do you have a rope bridge? Right. You need to cross the rope b bridge. I haven't got a I haven't got a river marked, but I assume Well if no. If you go if you're up going up uh vertically

=== partials, N=1 concurrent streams
  wall for level            : 62.05 s  (audio 60.0 s + stagger 0.00 s)
  cores used, whole level   : 0.36  (0.363 per stream)
  RSS after level           : 1780 MB (process peak so far 1810 MB)
  cores used, 1 s samples   : median 0.18, max 2.00, n=62
  event-loop lag (100 ms hb): median 1.0 ms, p99 2.3 ms, max 2.9 ms, n=615
  final latency, speech end : median 0.97 s, p95 1.71, max 2.04, n=14
  final latency, VAD handoff: median 0.53 s, p95 1.25, max 2.04
  final decode time         : median 0.53 s, max 2.03
  final queue wait          : median 0.000 s, max 0.00
  partial age (tick to text): median 0.38 s, p95 1.00, max 2.02
  partials                  : 23 decoded, 0 ticks skipped (previous still running)
  partial interval (incl. gaps between utterances): median 2.31 s, p95 4.20, max 6.10, n=22
  final text == N=1 text    : 1/1

=== partials, N=5 concurrent streams
  wall for level            : 69.91 s  (audio 60.0 s + stagger 1.60 s)
  cores used, whole level   : 1.83  (0.365 per stream)
  RSS after level           : 1780 MB (process peak so far 1810 MB)
  cores used, 1 s samples   : median 1.99, max 2.00, n=70
  event-loop lag (100 ms hb): median 1.0 ms, p99 8.2 ms, max 31.1 ms, n=691
  final latency, speech end : median 4.26 s, p95 8.75, max 9.08, n=70
  final latency, VAD handoff: median 3.84 s, p95 8.30, max 8.66
  final decode time         : median 0.77 s, max 2.16
  final queue wait          : median 2.903 s, max 8.01
  partial age (tick to text): median 2.46 s, p95 7.61, max 8.50
  partials                  : 67 decoded, 48 ticks skipped (previous still running)
  partial interval (incl. gaps between utterances): median 4.87 s, p95 8.66, max 9.12, n=62
  final text == N=1 text    : 5/5

=== partials, N=10 concurrent streams
  wall for level            : 100.03 s  (audio 60.0 s + stagger 1.80 s)
  cores used, whole level   : 1.95  (0.195 per stream)
  RSS after level           : 1780 MB (process peak so far 1810 MB)
  cores used, 1 s samples   : median 1.99, max 2.00, n=100
  event-loop lag (100 ms hb): median 0.8 ms, p99 7.8 ms, max 25.2 ms, n=989
  final latency, speech end : median 23.22 s, p95 32.79, max 38.22, n=140
  final latency, VAD handoff: median 22.76 s, p95 32.58, max 38.22
  final decode time         : median 0.80 s, max 2.25
  final queue wait          : median 21.318 s, max 36.70
  partial age (tick to text): median 8.69 s, p95 29.72, max 31.00
  partials                  : 57 decoded, 173 ticks skipped (previous still running)
  partial interval (incl. gaps between utterances): median 18.02 s, p95 30.32, max 33.38, n=47
  final text == N=1 text    : 10/10

=== partials, N=25 concurrent streams
  wall for level            : 210.89 s  (audio 60.0 s + stagger 1.92 s)
  cores used, whole level   : 1.98  (0.079 per stream)
  RSS after level           : 1792 MB (process peak so far 1820 MB)
  cores used, 1 s samples   : median 1.99, max 2.01, n=211
  event-loop lag (100 ms hb): median 0.6 ms, p99 31.9 ms, max 45.0 ms, n=2052
  final latency, speech end : median 80.31 s, p95 132.95, max 148.95, n=350
  final latency, VAD handoff: median 79.83 s, p95 132.95, max 148.95
  final decode time         : median 0.79 s, max 2.75
  final queue wait          : median 78.732 s, max 147.35
  partial age (tick to text): median 13.71 s, p95 63.17, max 74.08
  partials                  : 75 decoded, 500 ticks skipped (previous still running)
  partial interval (incl. gaps between utterances): median 36.64 s, p95 64.56, max 74.69, n=50
  final text == N=1 text    : 25/25
