run tev1-0.8b-tev1-format-h100: 3880 scored records; error rows per subset vitaminc-dev 0, massive-en-US 0, massive-de-DE 0, boolq 0, squad2 0, paws 0, multinli 0, civil_comments 0, aegis2 0, helpsteer2 0, summeval-relevance 0, summeval-consistency 0, pubmedqa 0

== fit on half 0 (2101 records), evaluate on half 1 (1779 records): fitted T = 1.957
  pooled, T = 1          n  1779  acc 0.6886  nll 0.8948  brier 0.4460  ece10 0.0956
  pooled, T = 1.957      n  1779  acc 0.6886  nll 0.7846  brier 0.4246  ece10 0.0440
  vitaminc-dev           n   285  acc 0.6561  ece10 0.1521 -> 0.0736  nll 0.8606 -> 0.7429  brier 0.4602 -> 0.4239
  massive-en-US          n   179  acc 0.7877  ece10 0.1315 -> 0.0504  nll 1.0003 -> 0.7577  brier 0.3234 -> 0.2921
  massive-de-DE          n   179  acc 0.7318  ece10 0.1467 -> 0.0248  nll 1.3972 -> 1.0383  brier 0.4362 -> 0.3983
  boolq                  n   152  acc 0.8224  ece10 0.1045 -> 0.0882  nll 0.4844 -> 0.4697  brier 0.3020 -> 0.3030
  squad2                 n   139  acc 0.7050  ece10 0.1008 -> 0.0822  nll 0.6318 -> 0.5912  brier 0.4250 -> 0.4074
  paws                   n   122  acc 0.6967  ece10 0.0486 -> 0.0680  nll 0.5510 -> 0.5729  brier 0.3781 -> 0.3903
  multinli               n   120  acc 0.7750  ece10 0.0860 -> 0.1721  nll 0.5484 -> 0.6481  brier 0.3072 -> 0.3626
  civil_comments         n   148  acc 0.8041  ece10 0.0751 -> 0.1516  nll 0.3915 -> 0.4721  brier 0.2455 -> 0.2956
  aegis2                 n   114  acc 0.7368  ece10 0.0753 -> 0.1334  nll 0.5695 -> 0.6017  brier 0.3877 -> 0.4126
  helpsteer2             n   135  acc 0.3704  ece10 0.2924 -> 0.1210  nll 1.7019 -> 1.4168  brier 0.8332 -> 0.7243
  summeval-relevance     n    48  acc 0.0833  ece10 0.7605 -> 0.4907  nll 2.7548 -> 1.8804  brier 1.4743 -> 1.0345
  summeval-consistency   n    32  acc 0.8438  ece10 0.1234 -> 0.3564  nll 0.7634 -> 0.9506  brier 0.3130 -> 0.4570
  pubmedqa               n   126  acc 0.6429  ece10 0.1131 -> 0.1277  nll 0.9022 -> 0.8810  brier 0.5120 -> 0.5104

== fit on half 1 (1779 records), evaluate on half 0 (2101 records): fitted T = 1.839
  pooled, T = 1          n  2101  acc 0.6616  nll 0.9924  brier 0.4992  ece10 0.1292
  pooled, T = 1.839      n  2101  acc 0.6616  nll 0.8451  brier 0.4597  ece10 0.0348
  vitaminc-dev           n   314  acc 0.6943  ece10 0.1145 -> 0.0394  nll 0.8664 -> 0.7434  brier 0.4411 -> 0.4158
  massive-en-US          n   171  acc 0.7719  ece10 0.1339 -> 0.0838  nll 0.9012 -> 0.7074  brier 0.3327 -> 0.2909
  massive-de-DE          n   171  acc 0.7193  ece10 0.1834 -> 0.0903  nll 1.2572 -> 0.9381  brier 0.4235 -> 0.3660
  boolq                  n   148  acc 0.7500  ece10 0.1040 -> 0.0311  nll 0.5708 -> 0.5053  brier 0.3587 -> 0.3330
  squad2                 n   160  acc 0.7438  ece10 0.0468 -> 0.0896  nll 0.4892 -> 0.5232  brier 0.3242 -> 0.3461
  paws                   n   128  acc 0.7344  ece10 0.0580 -> 0.0917  nll 0.5003 -> 0.5430  brier 0.3300 -> 0.3601
  multinli               n   179  acc 0.8101  ece10 0.0576 -> 0.1789  nll 0.5050 -> 0.5931  brier 0.2899 -> 0.3338
  civil_comments         n   152  acc 0.8618  ece10 0.0982 -> 0.1935  nll 0.3882 -> 0.4691  brier 0.2395 -> 0.2924
  aegis2                 n   136  acc 0.6397  ece10 0.0685 -> 0.0461  nll 0.6594 -> 0.6436  brier 0.4573 -> 0.4511
  helpsteer2             n   114  acc 0.3421  ece10 0.3349 -> 0.1866  nll 2.1412 -> 1.6504  brier 0.9504 -> 0.8195
  summeval-relevance     n   192  acc 0.1510  ece10 0.7198 -> 0.4760  nll 2.8130 -> 1.9261  brier 1.4243 -> 1.0453
  summeval-consistency   n   112  acc 0.8393  ece10 0.1190 -> 0.3181  nll 0.6771 -> 0.8622  brier 0.2923 -> 0.4086
  pubmedqa               n   124  acc 0.5484  ece10 0.1165 -> 0.0561  nll 0.9515 -> 0.9123  brier 0.5538 -> 0.5374
